HI-TECH Software C Compiler 

Linker command line:

--edf=C:\Program Files\HI-TECH Software\PICC\9.80\dat\en_msgs.txt -cs \
  -h+iot_remote.sym -z -Q16F877A -ol.obj -Miot_remote.map -E1 \
  -ACONST=00h-0FFhx32 -ACODE=00h-07FFhx4 -ASTRCODE=00h-01FFFh \
  -AENTRY=00h-0FFhx32 -ASTRING=00h-0FFhx32 -ABANK0=020h-06Fh \
  -ABANK1=0A0h-0EFh -ABANK2=0110h-016Fh -ABANK3=0190h-01EFh \
  -ARAM=020h-06Fh,0A0h-0EFh,0110h-016Fh,0190h-01EFh \
  -AABS1=020h-07Fh,0A0h-0EFh,0110h-016Fh,0190h-01EFh -ACOMMON=070h-07Fh \
  -ASFR0=00h-01Fh -ASFR1=080h-09Fh -ASFR2=0100h-010Fh -ASFR3=0180h-018Fh \
  -preset_vec=00h,intentry,init,end_init -ppowerup=CODE -pfunctab=CODE \
  -ACONFIG=02007h-02007h -pconfig=CONFIG -DCONFIG=2 -AIDLOC=02000h-02003h \
  -pidloc=IDLOC -DIDLOC=2 -AEEDATA=00h-0FFh/02100h -peeprom_data=EEDATA \
  -DEEDATA=2 -DCODE=2 -DSTRCODE=2 -DSTRING=2 -DCONST=2 -DENTRY=2 -k \
  startup.obj iot_remote.obj 

Object code version is 3.10

Machine type is 16F877A



                Name                               Link     Load   Length Selector   Space Scale
startup.obj     end_init                              0        0        3        0       0
iot_remote.obj  config                             2007     2007        1     400E       0
                text727                             E49      E49        8     1C92       0
                text725                             E59      E59        9     1CB2       0
                text724                             E62      E62       15     1CC4       0
                text723                               6        6        C        C       0
                text719                             E77      E77       1B     1CEE       0
                text718                             E92      E92       1C     1D24       0
                text712                              12       12       25       24       0
                text706                             ECA      ECA      136     1D94       0
                text702                              37       37      18C       6E       0
                text697                             411      411      3EF      822       0
                maintext                            1C3      1C3      24E      386       0
                cstackBANK0                          20       20       3A       20       1
                cstackCOMMON                         70       70        E       70       1
                clrtext                             E51      E51        8     1CA2       0
                bssBANK3                            190      190       5A      190       1
                bssBANK1                             A0       A0       28       A0       1
                bssBANK0                             5A       5A        B       20       1
                cinit                               EAE      EAE       1C     1D5C       0
                stringtext                         1600     1600      9AD       2C       0

TOTAL           Name                               Link     Load   Length     Space
        CLASS   CONST          

        CLASS   CODE           
                end_init                              0        0        3         0
                text727                             E49      E49        8         0
                text725                             E59      E59        9         0
                text724                             E62      E62       15         0
                text723                               6        6        C         0
                text719                             E77      E77       1B         0
                text718                             E92      E92       1C         0
                text712                              12       12       25         0
                text706                             ECA      ECA      136         0
                text702                              37       37      18C         0
                text697                             411      411      3EF         0
                maintext                            1C3      1C3      24E         0
                clrtext                             E51      E51        8         0
                cinit                               EAE      EAE       1C         0

        CLASS   STRCODE        
                stringtext                         1600     1600      9AD         0

        CLASS   ENTRY          

        CLASS   STRING         

        CLASS   BANK0          
                cstackBANK0                          20       20       3A         1
                bssBANK0                             5A       5A        B         1

        CLASS   BANK1          
                bssBANK1                             A0       A0       28         1

        CLASS   BANK2          

        CLASS   BANK3          
                bssBANK3                            190      190       5A         1

        CLASS   RAM            

        CLASS   ABS1           
                abs_s1                               7E       7E        2         1

        CLASS   COMMON         
                cstackCOMMON                         70       70        E         1

        CLASS   SFR0           

        CLASS   SFR1           

        CLASS   SFR2           

        CLASS   SFR3           

        CLASS   CONFIG         
                config                             2007     2007        1         0

        CLASS   IDLOC          

        CLASS   EEDATA         



SEGMENTS        Name                           Load    Length   Top    Selector   Space  Class     Delta

                reset_vec                      000000  000003  000003         0       0  CODE        2
                text723                        000006  00000C  000012         C       0  CODE        2
                cstackBANK0                    000020  000045  000065        20       1  BANK0       1
                text712                        000012  000025  000037        24       0  CODE        2
                text702                        000037  00018C  0001C3        6E       0  CODE        2
                cstackCOMMON                   000070  00000E  00007E        70       1  COMMON      1
                bssBANK1                       0000A0  000028  0000C8        A0       1  BANK1       1
                bssBANK3                       000190  00005A  0001EA       190       1  BANK3       1
                maintext                       0001C3  00024E  000411       386       0  CODE        2
                text697                        000411  0003EF  000800       822       0  CODE        2
                text727                        000E49  000008  000E51      1C92       0  CODE        2
                clrtext                        000E51  000008  000E59      1CA2       0  CODE        2
                text725                        000E59  000009  000E62      1CB2       0  CODE        2
                text724                        000E62  000015  000E77      1CC4       0  CODE        2
                text719                        000E77  00001B  000E92      1CEE       0  CODE        2
                text718                        000E92  00001C  000EAE      1D24       0  CODE        2
                cinit                          000EAE  00001C  000ECA      1D5C       0  CODE        2
                text706                        000ECA  000136  001000      1D94       0  CODE        2
                stringtext                     001600  0009AD  001FAD        2C       0  STRCODE     2
                config                         002007  000001  002008      400E       0  CONFIG      2


UNUSED ADDRESS RANGES

        Name                Unused          Largest block    Delta
        BANK0            0065-006F              B           1
        BANK1            00C8-00EF             28           1
        BANK2            0110-016F             60           1
        BANK3            01EA-01EF              6           1
        CODE             0003-0005              3           2
                         0800-0E48            649
                         1000-15FF            600
                         1FAD-1FFF             53
        CONST            0003-0005              3           2
                         0800-0E48            100
                         1000-15FF            100
                         1FAD-1FFF             53
        EEDATA           2100-21FF            100           2
        ENTRY            0003-0005              3           2
                         0800-0E48            100
                         1000-15FF            100
                         1FAD-1FFF             53
        IDLOC            2000-2003              4           2
        RAM              0065-006F              B           1
                         00C8-00EF             28
                         0110-016F             60
                         01EA-01EF              6
        SFR0             0000-001F             20           1
        SFR1             0080-009F             20           1
        SFR2             0100-010F             10           1
        SFR3             0180-018F             10           1
        STRCODE          0003-0005              3           2
                         0800-0E48            649
                         1000-15FF            600
                         1FAD-1FFF             53
        STRING           0003-0005              3           2
                         0800-0E48            100
                         1000-15FF            100
                         1FAD-1FFF             53

                                  Symbol Table

??_ClearLCDScreen           cstackCOMMON 0073
??_GetKey                   cstackCOMMON 0073
??_InitKeypad               cstackCOMMON 0070
??_InitLCD                  cstackCOMMON 0073
??_Oled_Command             cstackCOMMON 0073
??_Oled_ConstText           cstackCOMMON 007E
??_Oled_Delay               cstackCOMMON 0070
??_Oled_FillScreen          cstackCOMMON 007C
??_Oled_Init                cstackCOMMON 007C
??_Oled_Line                cstackCOMMON 007C
??_Oled_Pixel               cstackBANK0  0025
??_Oled_Reset               cstackCOMMON 0074
??_Oled_SetFont             cstackCOMMON 0076
??_Oled_SetPointer          cstackCOMMON 0079
??_Oled_WriteChar           cstackBANK0  0020
??_Oled_WriteRam            cstackCOMMON 0073
??_READ_SWITCHES            cstackCOMMON 0070
??_ToggleEpinOfLCD          cstackCOMMON 0070
??_WriteCommandToLCD        cstackCOMMON 0072
??_WriteDataToLCD           cstackCOMMON 0072
??_WriteSPI                 cstackCOMMON 0072
??_WriteStringToLCD         cstackCOMMON 0075
??___awdiv                  cstackCOMMON 0074
??___lbdiv                  cstackCOMMON 0071
??___lbmod                  cstackCOMMON 0071
??___wmul                   cstackCOMMON 0074
??_blinktest                cstackCOMMON 0070
??_dht11_measure            cstackCOMMON 0075
??_initialise_SPI           cstackCOMMON 0070
??_main                     cstackBANK0  0046
??_uart_init                cstackCOMMON 0070
??_uart_string              cstackCOMMON 0073
??_uart_tx                  cstackCOMMON 0070
?_ClearLCDScreen            cstackCOMMON 0070
?_GetKey                    cstackCOMMON 0070
?_InitKeypad                cstackCOMMON 0070
?_InitLCD                   cstackCOMMON 0070
?_Oled_Command              cstackCOMMON 0070
?_Oled_ConstText            cstackBANK0  002D
?_Oled_Delay                cstackCOMMON 0070
?_Oled_FillScreen           cstackCOMMON 0070
?_Oled_Init                 cstackCOMMON 0070
?_Oled_Line                 cstackBANK0  0029
?_Oled_Pixel                cstackBANK0  0020
?_Oled_Reset                cstackCOMMON 0070
?_Oled_SetFont              cstackCOMMON 0070
?_Oled_SetPointer           cstackCOMMON 0078
?_Oled_WriteChar            cstackCOMMON 007C
?_Oled_WriteRam             cstackCOMMON 0070
?_READ_SWITCHES             cstackCOMMON 0070
?_ToggleEpinOfLCD           cstackCOMMON 0070
?_WriteCommandToLCD         cstackCOMMON 0070
?_WriteDataToLCD            cstackCOMMON 0070
?_WriteSPI                  cstackCOMMON 0070
?_WriteStringToLCD          cstackCOMMON 0073
?___awdiv                   cstackCOMMON 0070
?___lbdiv                   cstackCOMMON 0070
?___lbmod                   cstackCOMMON 0070
?___wmul                    cstackCOMMON 0070
?_blinktest                 cstackCOMMON 0070
?_dht11_measure             cstackCOMMON 0070
?_initialise_SPI            cstackCOMMON 0070
?_main                      cstackCOMMON 0070
?_uart_init                 cstackCOMMON 0070
?_uart_string               cstackCOMMON 0071
?_uart_tx                   cstackCOMMON 0070
GetKey@key                  cstackCOMMON 0073
InitLCD@i                   cstackCOMMON 0073
Oled_Command@cmd            cstackCOMMON 0073
Oled_ConstText@buffer       cstackBANK0  002D
Oled_ConstText@pag          cstackBANK0  0030
Oled_ConstText@seg          cstackBANK0  002F
Oled_ConstText@x_seg        cstackBANK0  0031
Oled_Delay@i                cstackCOMMON 0072
Oled_FillScreen@i           cstackBANK0  0024
Oled_FillScreen@j           cstackBANK0  0023
Oled_FillScreen@k           cstackBANK0  0020
Oled_FillScreen@pattern     cstackBANK0  0022
Oled_Line@color             cstackBANK0  0031
Oled_Line@dx1               cstackBANK0  0034
Oled_Line@dx2               cstackBANK0  003C
Oled_Line@dy1               cstackBANK0  0036
Oled_Line@dy2               cstackBANK0  0038
Oled_Line@h                 cstackBANK0  0044
Oled_Line@i                 cstackBANK0  0032
Oled_Line@longest           cstackBANK0  0040
Oled_Line@numerator         cstackBANK0  003A
Oled_Line@shortest          cstackBANK0  003E
Oled_Line@w                 cstackBANK0  0042
Oled_Line@x1                cstackBANK0  0029
Oled_Line@x2                cstackBANK0  002D
Oled_Line@y1                cstackBANK0  002B
Oled_Line@y2                cstackBANK0  002F
Oled_Pixel@color            cstackBANK0  0024
Oled_Pixel@x                cstackBANK0  0020
Oled_Pixel@y                cstackBANK0  0022
Oled_SetFont@_font          cstackCOMMON 0070
Oled_SetFont@_height        cstackCOMMON 0073
Oled_SetFont@_max           cstackCOMMON 0075
Oled_SetFont@_min           cstackCOMMON 0074
Oled_SetFont@_width         cstackCOMMON 0072
Oled_SetPointer@hig_column  cstackCOMMON 007A
Oled_SetPointer@low_column  cstackCOMMON 0079
Oled_SetPointer@pag         cstackCOMMON 0078
Oled_SetPointer@seg         cstackCOMMON 007B
Oled_WriteChar@c            cstackBANK0  0024
Oled_WriteChar@i            cstackBANK0  0027
Oled_WriteChar@j            cstackBANK0  002B
Oled_WriteChar@pag          cstackCOMMON 007D
Oled_WriteChar@seg          cstackCOMMON 007C
Oled_WriteChar@x_seg        cstackBANK0  0029
Oled_WriteChar@y_pag        cstackBANK0  0025
Oled_WriteRam@dat           cstackCOMMON 0073
ToggleEpinOfLCD@i           cstackCOMMON 0070
WriteCommandToLCD@Command   cstackCOMMON 0072
WriteDataToLCD@LCDChar      cstackCOMMON 0072
WriteSPI@data               cstackCOMMON 0072
WriteStringToLCD@s          cstackCOMMON 0073
_ADCON1                     (abs)        009F
_BF                         (abs)        04A0
_ClearLCDScreen             text702      0103
_GetKey                     text706      0ECA
_InitKeypad                 text727      0E49
_InitLCD                    text702      013E
_Oled_Command               text697      0774
_Oled_ConstText             text697      0411
_Oled_Delay                 text697      0782
_Oled_FillScreen            text697      07A3
_Oled_Init                  text697      06F9
_Oled_Line                  text697      059E
_Oled_Pixel                 text697      0435
_Oled_RAM                   bssBANK3     0190
_Oled_Reset                 text697      0798
_Oled_SetFont               text724      0E62
_Oled_SetPointer            text697      06E1
_Oled_WriteChar             text697      050B
_Oled_WriteRam              text697      06C5
_PORTB                      (abs)        0006
_PORTD                      (abs)        0008
_RA0                        (abs)        0028
_RA1                        (abs)        0029
_RA2                        (abs)        002A
_RA5                        (abs)        002D
_RB0                        (abs)        0030
_RB1                        (abs)        0031
_RB2                        (abs)        0032
_RB3                        (abs)        0033
_RB4                        (abs)        0034
_RB5                        (abs)        0035
_RB6                        (abs)        0036
_RB7                        (abs)        0037
_RBPU                       (abs)        040F
_RCSTA                      (abs)        0018
_RD0                        (abs)        0040
_RD1                        (abs)        0041
_RD2                        (abs)        0042
_RD4                        (abs)        0044
_RD5                        (abs)        0045
_RD6                        (abs)        0046
_RD7                        (abs)        0047
_READ_SWITCHES              text706      0ECD
_SPBRG                      (abs)        0099
_SSPBUF                     (abs)        0013
_SSPCON                     (abs)        0014
_SSPEN                      (abs)        00A5
_SSPSTAT                    (abs)        0094
_T1CKPS0                    (abs)        0084
_TMR1H                      (abs)        000F
_TMR1L                      (abs)        000E
_TMR1ON                     (abs)        0080
_TRISA                      (abs)        0085
_TRISB                      (abs)        0086
_TRISC                      (abs)        0087
_TRISD                      (abs)        0088
_TRISD0                     (abs)        0440
_TRISD1                     (abs)        0441
_TRISD2                     (abs)        0442
_TRISD4                     (abs)        0444
_TRISD5                     (abs)        0445
_TRISD6                     (abs)        0446
_TRISD7                     (abs)        0447
_TRISE                      (abs)        0089
_TXIF                       (abs)        0064
_TXREG                      (abs)        0019
_TXSTA                      (abs)        0098
_Terminal12x16              stringtext   1612
_ToggleEpinOfLCD            text702      0187
_WriteCommandToLCD          text702      019B
_WriteDataToLCD             text702      012E
_WriteSPI                   text697      06D2
_WriteStringToLCD           text702      0111
__Habs1                     abs1         0000
__Hbank0                    bank0        0000
__Hbank1                    bank1        0000
__Hbank2                    bank2        0000
__Hbank3                    bank3        0000
__HbssBANK0                 bssBANK0     0000
__HbssBANK1                 bssBANK1     0000
__HbssBANK3                 bssBANK3     0000
__Hcinit                    cinit        0000
__Hclrtext                  clrtext      0000
__Hcode                     code         0000
__Hcommon                   common       0000
__Hconfig                   config       2008
__HcstackBANK0              cstackBANK0  0000
__HcstackCOMMON             cstackCOMMON 0000
__Heeprom_data              eeprom_data  0000
__Hend_init                 end_init     0003
__Hfunctab                  functab      0000
__Hidloc                    idloc        0000
__Hinit                     init         0000
__Hintentry                 intentry     0000
__Hmaintext                 maintext     0000
__Hpa_nodes                 pa_nodes     0000
__Hpowerup                  powerup      0000
__Hram                      ram          0000
__Hreset_vec                reset_vec    0000
__Hsfr0                     sfr0         0000
__Hsfr1                     sfr1         0000
__Hsfr2                     sfr2         0000
__Hsfr3                     sfr3         0000
__Hstrings                  strings      0000
__Hstringtext               stringtext   0000
__Htext                     text         0000
__Labs1                     abs1         0000
__Lbank0                    bank0        0000
__Lbank1                    bank1        0000
__Lbank2                    bank2        0000
__Lbank3                    bank3        0000
__LbssBANK0                 bssBANK0     0000
__LbssBANK1                 bssBANK1     0000
__LbssBANK3                 bssBANK3     0000
__Lcinit                    cinit        0000
__Lclrtext                  clrtext      0000
__Lcode                     code         0000
__Lcommon                   common       0000
__Lconfig                   config       2007
__LcstackBANK0              cstackBANK0  0000
__LcstackCOMMON             cstackCOMMON 0000
__Leeprom_data              eeprom_data  0000
__Lend_init                 end_init     0000
__Lfunctab                  functab      0000
__Lidloc                    idloc        0000
__Linit                     init         0000
__Lintentry                 intentry     0000
__Lmaintext                 maintext     0000
__Lpa_nodes                 pa_nodes     0000
__Lpowerup                  powerup      0000
__Lram                      ram          0000
__Lreset_vec                reset_vec    0000
__Lsfr0                     sfr0         0000
__Lsfr1                     sfr1         0000
__Lsfr2                     sfr2         0000
__Lsfr3                     sfr3         0000
__Lstrings                  strings      0000
__Lstringtext               stringtext   0000
__Ltext                     text         0000
__S0                        (abs)        2008
__S1                        (abs)        01EA
__S2                        (abs)        0000
___awdiv                    text697      04C6
___awdiv@counter            cstackCOMMON 0074
___awdiv@dividend           cstackCOMMON 0072
___awdiv@divisor            cstackCOMMON 0070
___awdiv@quotient           cstackCOMMON 0076
___awdiv@sign               cstackCOMMON 0075
___lbdiv                    text719      0E77
___lbdiv@counter            cstackCOMMON 0072
___lbdiv@dividend           cstackCOMMON 0071
___lbdiv@divisor            cstackCOMMON 0070
___lbdiv@quotient           cstackCOMMON 0073
___lbmod                    text718      0E92
___lbmod@counter            cstackCOMMON 0073
___lbmod@dividend           cstackCOMMON 0072
___lbmod@divisor            cstackCOMMON 0070
___lbmod@rem                cstackCOMMON 0074
___wmul                     text697      06AC
___wmul@multiplicand        cstackCOMMON 0072
___wmul@multiplier          cstackCOMMON 0070
___wmul@product             cstackCOMMON 0074
__end_of_ClearLCDScreen     text702      0111
__end_of_GetKey             text706      0ECD
__end_of_InitKeypad         text727      0E51
__end_of_InitLCD            text702      0187
__end_of_Oled_Command       text697      0782
__end_of_Oled_ConstText     text697      0435
__end_of_Oled_Delay         text697      0798
__end_of_Oled_FillScreen    text697      07CA
__end_of_Oled_Init          text697      0774
__end_of_Oled_Line          text697      06AC
__end_of_Oled_Pixel         text697      04C6
__end_of_Oled_Reset         text697      07A3
__end_of_Oled_SetFont       text724      0E77
__end_of_Oled_SetPointer    text697      06F9
__end_of_Oled_WriteChar     text697      059E
__end_of_Oled_WriteRam      text697      06D2
__end_of_READ_SWITCHES      text706      0FFD
__end_of_ToggleEpinOfLCD    text702      019B
__end_of_WriteCommandToLCD  text702      01AC
__end_of_WriteDataToLCD     text702      013E
__end_of_WriteSPI           text697      06E1
__end_of_WriteStringToLCD   text702      012E
__end_of___awdiv            text697      050B
__end_of___lbdiv            text719      0E92
__end_of___lbmod            text718      0EAE
__end_of___wmul             text697      06C5
__end_of_blinktest          text697      06C5
__end_of_dht11_measure      text702      0103
__end_of_initialise_SPI     text725      0E62
__end_of_main               maintext     0411
__end_of_uart_init          text723      0012
__end_of_uart_string        text712      002E
__end_of_uart_tx            text712      0037
__pbssBANK0                 bssBANK0     005A
__pbssBANK1                 bssBANK1     00A0
__pbssBANK3                 bssBANK3     0190
__pcstackBANK0              cstackBANK0  0020
__pcstackCOMMON             cstackCOMMON 0070
__pmaintext                 maintext     01C3
__pstringtext               stringtext   1600
__ptext696                  text697      059E
__ptext697                  text697      0411
__ptext698                  text697      06F9
__ptext699                  text697      0435
__ptext700                  text697      050B
__ptext701                  text697      07A3
__ptext702                  text702      0037
__ptext703                  text697      06E1
__ptext704                  text697      0798
__ptext705                  text702      013E
__ptext706                  text706      0ECA
__ptext707                  text702      0111
__ptext708                  text702      0103
__ptext709                  text697      07CA
__ptext710                  text697      06C5
__ptext711                  text697      0774
__ptext712                  text712      0012
__ptext713                  text697      0782
__ptext714                  text706      0ECD
__ptext715                  text702      019B
__ptext716                  text702      012E
__ptext717                  text697      04C6
__ptext718                  text718      0E92
__ptext719                  text719      0E77
__ptext720                  text697      06AC
__ptext721                  text697      06D2
__ptext722                  text712      002E
__ptext723                  text723      0006
__ptext724                  text724      0E62
__ptext725                  text725      0E59
__ptext726                  text702      0187
__ptext727                  text727      0E49
__ptext728                  text728      0000
__size_of_ClearLCDScreen    (abs)        0000
__size_of_GetKey            (abs)        0000
__size_of_InitKeypad        (abs)        0000
__size_of_InitLCD           (abs)        0000
__size_of_Oled_Command      (abs)        0000
__size_of_Oled_ConstText    (abs)        0000
__size_of_Oled_Delay        (abs)        0000
__size_of_Oled_FillScreen   (abs)        0000
__size_of_Oled_Init         (abs)        0000
__size_of_Oled_Line         (abs)        0000
__size_of_Oled_Pixel        (abs)        0000
__size_of_Oled_Reset        (abs)        0000
__size_of_Oled_SetFont      (abs)        0000
__size_of_Oled_SetPointer   (abs)        0000
__size_of_Oled_WriteChar    (abs)        0000
__size_of_Oled_WriteRam     (abs)        0000
__size_of_READ_SWITCHES     (abs)        0000
__size_of_ToggleEpinOfLCD   (abs)        0000
__size_of_WriteCommandToLCD (abs)        0000
__size_of_WriteDataToLCD    (abs)        0000
__size_of_WriteSPI          (abs)        0000
__size_of_WriteStringToLCD  (abs)        0000
__size_of___awdiv           (abs)        0000
__size_of___lbdiv           (abs)        0000
__size_of___lbmod           (abs)        0000
__size_of___wmul            (abs)        0000
__size_of_blinktest         (abs)        0000
__size_of_dht11_measure     (abs)        0000
__size_of_initialise_SPI    (abs)        0000
__size_of_main              (abs)        0000
__size_of_uart_init         (abs)        0000
__size_of_uart_string       (abs)        0000
__size_of_uart_tx           (abs)        0000
_blinktest                  text697      07CA
_count                      bssBANK0     005A
_dht11_data                 bssBANK1     00A0
_dht11_measure              text702      0037
_dht11_rh                   bssBANK0     0060
_dht11_temp                 bssBANK0     0061
_exit                       init         0000
_font                       bssBANK0     005C
_font2                      bssBANK0     005E
_height                     bssBANK0     0062
_initialise_SPI             text725      0E59
_main                       maintext     01C3
_min                        bssBANK0     0063
_uart_init                  text723      0006
_uart_string                text712      0012
_uart_tx                    text712      002E
_width                      bssBANK0     0064
btemp                       (abs)        007E
clear_ram                   clrtext      0E51
dht11_measure@counter       cstackCOMMON 007A
dht11_measure@i             cstackCOMMON 0079
dht11_measure@i_629         cstackCOMMON 007B
dht11_measure@i_631         cstackCOMMON 007C
dht11_measure@i_632         cstackCOMMON 007D
dht11_measure@time          cstackCOMMON 0077
end_of_initialization       cinit        0EC6
intlevel0                   functab      0000
intlevel1                   functab      0000
intlevel2                   functab      0000
intlevel3                   functab      0000
intlevel4                   functab      0000
intlevel5                   functab      0000
l1771                                        
l1841                                        
l2416                                        
l2419                                        
l2422                                        
l2431                                        
l2437                                        
l2440                                        
l3664                                        
l3676                                        
l4285                                        
l4290                                        
l4293                                        
l4299                                        
l4305                                        
l4308                                        
l4311                                        
l4324                                        
l4330                                        
l4370                                        
l4436                                        
l5036                                        
l5042                                        
l5048                                        
l5066                                        
l5096                                        
l5102                                        
l5213                                        
l6575                                        
l6577                                        
l6579                                        
l6583                                        
l6591                                        
l6593                                        
l6595                                        
l6597                                        
l6599                                        
l6601                                        
l6603                                        
l6605                                        
l6607                                        
l6609                                        
l6611                                        
l6615                                        
l6617                                        
l6619                                        
l6623                                        
l6625                                        
l6629                                        
l6637                                        
l6639                                        
l6645                                        
l6647                                        
l6649                                        
l6655                                        
l6659                                        
l6663                                        
l6669                                        
l6671                                        
l6675                                        
l6677                                        
l6683                                        
l6687                                        
l6689                                        
l6693                                        
l6699                                        
l6703                                        
l6713                                        
l6717                                        
l6721                                        
l6725                                        
l6731                                        
l6733                                        
l6735                                        
l6737                                        
l6739                                        
l6741                                        
l6743                                        
l6745                                        
l6747                                        
l6749                                        
l6751                                        
l6753                                        
l6755                                        
l6865                                        
l6867                                        
l6869                                        
l6873                                        
l6877                                        
l6881                                        
l6885                                        
l6887                                        
l6889                                        
l6891                                        
l6893                                        
l6895                                        
l6899                                        
l6903                                        
l6905                                        
l6907                                        
l6911                                        
l6913                                        
l6915                                        
l6917                                        
l6925                                        
l6929                                        
l6931                                        
l6933                                        
l6935                                        
l6937                                        
l6945                                        
l6949                                        
l6951                                        
l6953                                        
l6961                                        
l6965                                        
l6967                                        
l6969                                        
l6971                                        
l6973                                        
l6975                                        
l6977                                        
l6979                                        
l6981                                        
l6983                                        
l6985                                        
l6987                                        
l6989                                        
l6991                                        
l6999                                        
l7001                                        
l7003                                        
l7005                                        
l7007                                        
l7011                                        
l7013                                        
l7017                                        
l7025                                        
l7027                                        
l7035                                        
l7037                                        
l7049                                        
l7051                                        
l7053                                        
l7055                                        
l7057                                        
l7059                                        
l7071                                        
l7081                                        
l7093                                        
l7101                                        
l7109                                        
l7117                                        
l7119                                        
l7121                                        
l7123                                        
l7127                                        
l7129                                        
l7131                                        
l7133                                        
l7135                                        
l7145                                        
l7151                                        
l7153                                        
l7157                                        
l7159                                        
l7167                                        
l7187                                        
l7189                                        
l7191                                        
l7193                                        
l7197                                        
l7199                                        
l7203                                        
l7205                                        
l7207                                        
l7209                                        
l7211                                        
l7213                                        
l7247                                        
l7249                                        
l7253                                        
l7265                                        
l7267                                        
l7271                                        
l7273                                        
l7283                                        
l7285                                        
l7287                                        
l7289                                        
l7291                                        
l7293                                        
l7295                                        
l7299                                        
l7301                                        
l7303                                        
l7305                                        
l7307                                        
l7309                                        
l7311                                        
l7313                                        
l7315                                        
l7323                                        
l7325                                        
l7327                                        
l7347                                        
l7351                                        
l7353                                        
l7357                                        
l7359                                        
l7361                                        
l7363                                        
l7365                                        
l7367                                        
l7369                                        
l7371                                        
l7373                                        
l7375                                        
l7377                                        
l7379                                        
l7381                                        
l7383                                        
l7385                                        
l7389                                        
l7393                                        
l7401                                        
l7403                                        
l7407                                        
l7411                                        
l7419                                        
l7421                                        
main@Key                    cstackBANK0  0059
main@i                      cstackBANK0  0053
main@i_1584                 cstackBANK0  0055
main@i_1586                 cstackBANK0  0057
main@send                   cstackBANK0  0049
reset_vec                   reset_vec    0000
start                       init         0000
start_initialization        cinit        0EAE
uart_string@s               cstackCOMMON 0071
uart_tx@c                   cstackCOMMON 0070
wtemp0                      (abs)        007E
